2026-08-10 15:04:22,933 INFO __main__: Exporting 19 PowerWorld cases to C:\Users\wyattluke.lowery\Documents\GitHub\gridkit-runenv\cases
2026-08-10 15:04:22,934 INFO __main__: [1/19] Exporting C:\Users\wyattluke.lowery\Documents\GitHub\cases\Other\TwoArea\TwoArea.pwb
2026-08-10 15:04:27,893 INFO __main__: [1/19] Wrote C:\Users\wyattluke.lowery\Documents\GitHub\gridkit-runenv\cases\TwoArea.case.json and C:\Users\wyattluke.lowery\Documents\GitHub\gridkit-runenv\export-logs\TwoArea.translation.json; counts={'Branch': 15, 'Genrou': 4, 'Ieeet1': 4, 'LoadZIP': 2, 'Tgov1': 4, 'buses': 10, 'devices': 29, 'models': 12, 'models_exact': 12, 'dispatch_warnings': 0}
2026-08-10 15:04:27,893 INFO __main__: [2/19] Exporting C:\Users\wyattluke.lowery\Documents\GitHub\cases\Other\GIC20\GIC20.pwb
2026-08-10 15:04:30,423 WARNING gridworkbench.interop.powerworld_to_gridkit: PowerWorld default load model is 'PI, QZ'; exporting loads as Impedance
2026-08-10 15:04:30,460 WARNING gridworkbench.interop.powerworld_to_gridkit: Substituted GridKit Ieeet1 for 2 exciter model(s); PowerWorld EXAC3 has no exact translation
2026-08-10 15:04:30,460 WARNING gridworkbench.interop.powerworld_to_gridkit: Substituted GridKit Ieeet1 for 3 exciter model(s); PowerWorld EXST1_PTI has no exact translation
2026-08-10 15:04:30,460 WARNING gridworkbench.interop.powerworld_to_gridkit: Substituted GridKit Tgov1 for 5 governor model(s); PowerWorld IEEEG1 has no exact translation
2026-08-10 15:04:32,453 INFO __main__: [2/19] Wrote C:\Users\wyattluke.lowery\Documents\GitHub\gridkit-runenv\cases\GIC20.case.json and C:\Users\wyattluke.lowery\Documents\GitHub\gridkit-runenv\export-logs\GIC20.translation.json; counts={'Branch': 31, 'Esdc1a': 2, 'Genrou': 7, 'Ieeest': 2, 'Ieeet1': 5, 'LoadZIP': 6, 'Tgov1': 7, 'buses': 19, 'devices': 60, 'models': 23, 'models_exact': 13, 'models_fallback': 2, 'models_substitution': 8, 'dispatch_warnings': 0}
2026-08-10 15:04:32,453 INFO __main__: [3/19] Exporting C:\Users\wyattluke.lowery\Documents\GitHub\cases\IEEE\IEEE39\IEEE39.pwb
2026-08-10 15:04:35,078 WARNING gridworkbench.interop.powerworld_to_gridkit: Substituted GridKit Ieeet1 for 10 exciter model(s); PowerWorld EXST1_GE has no exact translation
2026-08-10 15:04:37,401 INFO __main__: [3/19] Wrote C:\Users\wyattluke.lowery\Documents\GitHub\gridkit-runenv\cases\IEEE39.case.json and C:\Users\wyattluke.lowery\Documents\GitHub\gridkit-runenv\export-logs\IEEE39.translation.json; counts={'Branch': 46, 'Genrou': 10, 'Ieeest': 10, 'Ieeet1': 10, 'LoadZIP': 20, 'buses': 39, 'devices': 96, 'models': 30, 'models_exact': 20, 'models_fallback': 10, 'dispatch_warnings': 0}
2026-08-10 15:04:37,401 INFO __main__: [4/19] Exporting C:\Users\wyattluke.lowery\Documents\GitHub\cases\Synthetic\ACTIVSg200\ACTIVSg200.pwb
2026-08-10 15:04:42,060 INFO __main__: [4/19] Wrote C:\Users\wyattluke.lowery\Documents\GitHub\gridkit-runenv\cases\ACTIVSg200.case.json and C:\Users\wyattluke.lowery\Documents\GitHub\gridkit-runenv\export-logs\ACTIVSg200.translation.json; counts={'Branch': 246, 'Genrou': 40, 'LoadZIP': 109, 'SexsPti': 40, 'Tgov1': 40, 'buses': 200, 'devices': 475, 'models': 147, 'models_exact': 120, 'models_omitted': 27, 'dispatch_warnings': 0}
2026-08-10 15:04:42,060 INFO __main__: [5/19] Exporting C:\Users\wyattluke.lowery\Documents\GitHub\cases\Synthetic\Hawaii40\Hawaii40.pwb
2026-08-10 15:04:44,782 WARNING gridworkbench.interop.powerworld_to_gridkit: Substituted GridKit Ieeet1 for 2 exciter model(s); PowerWorld ESST1A has no exact translation
2026-08-10 15:04:44,782 WARNING gridworkbench.interop.powerworld_to_gridkit: Substituted GridKit Ieeet1 for 14 exciter model(s); PowerWorld ESST4B has no exact translation
2026-08-10 15:04:44,782 WARNING gridworkbench.interop.powerworld_to_gridkit: Substituted GridKit Ieeet1 for 6 exciter model(s); PowerWorld EXST1_PTI has no exact translation
2026-08-10 15:04:44,782 WARNING gridworkbench.interop.powerworld_to_gridkit: Substituted GridKit Tgov1 for 18 governor model(s); PowerWorld GGOV1 has no exact translation
2026-08-10 15:04:44,782 WARNING gridworkbench.interop.powerworld_to_gridkit: Substituted GridKit Tgov1 for 12 governor model(s); PowerWorld IEEEG1 has no exact translation
2026-08-10 15:04:46,955 INFO __main__: [5/19] Wrote C:\Users\wyattluke.lowery\Documents\GitHub\gridkit-runenv\cases\Hawaii40.case.json and C:\Users\wyattluke.lowery\Documents\GitHub\gridkit-runenv\export-logs\Hawaii40.translation.json; counts={'Branch': 89, 'Genrou': 30, 'Ieeest': 14, 'Ieeet1': 30, 'LoadZIP': 27, 'Regca': 9, 'Repca': 9, 'Tgov1': 30, 'buses': 37, 'devices': 238, 'models': 151, 'models_exact': 70, 'models_omitted': 29, 'models_substitution': 52, 'dispatch_warnings': 0}
2026-08-10 15:04:46,955 INFO __main__: [6/19] Exporting C:\Users\wyattluke.lowery\Documents\GitHub\cases\Other\UIUC150\UIUC150.pwb
2026-08-10 15:04:49,687 WARNING gridworkbench.interop.powerworld_to_gridkit: Substituted GridKit LoadZIP for 27 machine model(s); PowerWorld GENTPJ has no exact translation
2026-08-10 15:04:52,122 INFO __main__: [6/19] Wrote C:\Users\wyattluke.lowery\Documents\GitHub\gridkit-runenv\cases\UIUC150.case.json and C:\Users\wyattluke.lowery\Documents\GitHub\gridkit-runenv\export-logs\UIUC150.translation.json; counts={'Branch': 217, 'LoadZIP': 117, 'buses': 150, 'devices': 334, 'models': 54, 'models_fallback': 27, 'models_omitted': 27, 'dispatch_warnings': 0}
2026-08-10 15:04:52,122 INFO __main__: [7/19] Exporting C:\Users\wyattluke.lowery\Documents\GitHub\cases\Other\WECC240\WECC240.pwb
2026-08-10 15:04:56,945 INFO __main__: [7/19] Wrote C:\Users\wyattluke.lowery\Documents\GitHub\gridkit-runenv\cases\WECC240.case.json and C:\Users\wyattluke.lowery\Documents\GitHub\gridkit-runenv\export-logs\WECC240.translation.json; counts={'Branch': 447, 'GastPti': 47, 'Genrou': 103, 'Hygov': 25, 'Ieeest': 10, 'LoadZIP': 141, 'Reecb': 37, 'Regca': 37, 'Repca': 37, 'SexsPti': 103, 'Tgov1': 31, 'buses': 243, 'devices': 1018, 'models': 448, 'models_exact': 430, 'models_omitted': 18, 'dispatch_warnings': 0}
2026-08-10 15:04:56,945 INFO __main__: [8/19] Exporting C:\Users\wyattluke.lowery\Documents\GitHub\cases\Synthetic\ACTIVSg500\ACTIVSg500.pwb
2026-08-10 15:05:02,051 INFO __main__: [8/19] Wrote C:\Users\wyattluke.lowery\Documents\GitHub\gridkit-runenv\cases\ACTIVSg500.case.json and C:\Users\wyattluke.lowery\Documents\GitHub\gridkit-runenv\export-logs\ACTIVSg500.translation.json; counts={'Branch': 599, 'Genrou': 60, 'LoadZIP': 212, 'SexsPti': 60, 'Tgov1': 60, 'buses': 500, 'devices': 991, 'models': 270, 'models_exact': 180, 'models_omitted': 90, 'dispatch_warnings': 0}
2026-08-10 15:05:02,052 INFO __main__: [9/19] Exporting C:\Users\wyattluke.lowery\Documents\GitHub\cases\Synthetic\Memphis\Memphis.pwb
2026-08-10 15:05:04,900 WARNING gridworkbench.interop.powerworld_to_gridkit: PowerWorld default load model is 'Current'; exporting loads as Impedance
2026-08-10 15:05:05,282 WARNING gridworkbench.interop.powerworld_to_gridkit: Substituted GridKit Ieeet1 for 18 exciter model(s); PowerWorld ESST1A has no exact translation
2026-08-10 15:05:05,282 WARNING gridworkbench.interop.powerworld_to_gridkit: Substituted GridKit Ieeet1 for 86 exciter model(s); PowerWorld ESST4B has no exact translation
2026-08-10 15:05:05,282 WARNING gridworkbench.interop.powerworld_to_gridkit: Substituted GridKit Ieeet1 for 45 exciter model(s); PowerWorld EXST1_PTI has no exact translation
2026-08-10 15:05:05,282 WARNING gridworkbench.interop.powerworld_to_gridkit: Substituted GridKit Tgov1 for 116 governor model(s); PowerWorld GGOV1 has no exact translation
2026-08-10 15:05:05,282 WARNING gridworkbench.interop.powerworld_to_gridkit: Substituted GridKit Tgov1 for 23 governor model(s); PowerWorld IEEEG1 has no exact translation
2026-08-10 15:05:05,282 WARNING gridworkbench.interop.powerworld_to_gridkit: Substituted GridKit LoadZIP for 1 machine model(s); PowerWorld STATIC_GENERATOR has no exact translation
2026-08-10 15:05:06,987 INFO __main__: [9/19] Wrote C:\Users\wyattluke.lowery\Documents\GitHub\gridkit-runenv\cases\Memphis.case.json and C:\Users\wyattluke.lowery\Documents\GitHub\gridkit-runenv\export-logs\Memphis.translation.json; counts={'Branch': 1381, 'Genrou': 139, 'Gensal': 22, 'Hygov': 22, 'Ieeet1': 161, 'LoadZIP': 552, 'Regca': 26, 'Repca': 25, 'Tgov1': 139, 'buses': 993, 'devices': 2467, 'models': 725, 'models_exact': 246, 'models_fallback': 1, 'models_omitted': 190, 'models_substitution': 288, 'dispatch_warnings': 1}
2026-08-10 15:05:06,988 INFO __main__: [10/19] Exporting C:\Users\wyattluke.lowery\Documents\GitHub\cases\Synthetic\ACTIVSg2000\ACTIVSg2000.pwb
2026-08-10 15:05:10,895 WARNING gridworkbench.interop.powerworld_to_gridkit: Substituted GridKit Ieeet1 for 2 exciter model(s); PowerWorld ESAC1A has no exact translation
2026-08-10 15:05:10,895 WARNING gridworkbench.interop.powerworld_to_gridkit: Substituted GridKit Ieeet1 for 2 exciter model(s); PowerWorld ESAC6A has no exact translation
2026-08-10 15:05:10,895 WARNING gridworkbench.interop.powerworld_to_gridkit: Substituted GridKit Ieeet1 for 1 exciter model(s); PowerWorld ESDC2A has no exact translation
2026-08-10 15:05:10,895 WARNING gridworkbench.interop.powerworld_to_gridkit: Substituted GridKit Ieeet1 for 212 exciter model(s); PowerWorld ESST4B has no exact translation
2026-08-10 15:05:10,895 WARNING gridworkbench.interop.powerworld_to_gridkit: Substituted GridKit Ieeet1 for 4 exciter model(s); PowerWorld EXAC1 has no exact translation
2026-08-10 15:05:10,895 WARNING gridworkbench.interop.powerworld_to_gridkit: Substituted GridKit Ieeet1 for 31 exciter model(s); PowerWorld EXAC2 has no exact translation
2026-08-10 15:05:10,895 WARNING gridworkbench.interop.powerworld_to_gridkit: Substituted GridKit Ieeet1 for 52 exciter model(s); PowerWorld EXPIC1 has no exact translation
2026-08-10 15:05:10,895 WARNING gridworkbench.interop.powerworld_to_gridkit: Substituted GridKit Ieeet1 for 4 exciter model(s); PowerWorld SCRX has no exact translation
2026-08-10 15:05:10,895 WARNING gridworkbench.interop.powerworld_to_gridkit: Substituted GridKit Tgov1 for 288 governor model(s); PowerWorld GGOV1 has no exact translation
2026-08-10 15:05:10,895 WARNING gridworkbench.interop.powerworld_to_gridkit: Substituted GridKit Tgov1 for 26 governor model(s); PowerWorld IEEEG1 has no exact translation
2026-08-10 15:05:10,896 WARNING gridworkbench.interop.powerworld_to_gridkit: Substituted GridKit LoadZIP for 98 machine model(s); PowerWorld STATIC_GENERATOR has no exact translation
2026-08-10 15:05:13,029 INFO __main__: [10/19] Wrote C:\Users\wyattluke.lowery\Documents\GitHub\gridkit-runenv\cases\ACTIVSg2000.case.json and C:\Users\wyattluke.lowery\Documents\GitHub\gridkit-runenv\export-logs\ACTIVSg2000.translation.json; counts={'Branch': 3206, 'Esdc1a': 10, 'Genrou': 314, 'Gensal': 20, 'Hygov': 20, 'Ieeest': 333, 'Ieeet1': 324, 'LoadZIP': 1241, 'Tgov1': 314, 'buses': 2000, 'devices': 5782, 'models': 1837, 'models_exact': 713, 'models_fallback': 98, 'models_omitted': 404, 'models_substitution': 622, 'dispatch_warnings': 0}
2026-08-10 15:05:13,029 INFO __main__: [11/19] Exporting C:\Users\wyattluke.lowery\Documents\GitHub\cases\Synthetic\Poland2746\Poland2746.pwb
2026-08-10 15:05:17,040 WARNING gridworkbench.interop.powerworld_to_gridkit: Substituted GridKit Ieeet1 for 62 exciter model(s); PowerWorld ESAC1A has no exact translation
2026-08-10 15:05:17,040 WARNING gridworkbench.interop.powerworld_to_gridkit: Substituted GridKit Ieeet1 for 81 exciter model(s); PowerWorld ESAC6A has no exact translation
2026-08-10 15:05:17,040 WARNING gridworkbench.interop.powerworld_to_gridkit: Substituted GridKit Ieeet1 for 113 exciter model(s); PowerWorld ESST4B has no exact translation
2026-08-10 15:05:17,040 WARNING gridworkbench.interop.powerworld_to_gridkit: Substituted GridKit Ieeet1 for 38 exciter model(s); PowerWorld EXAC1 has no exact translation
2026-08-10 15:05:17,040 WARNING gridworkbench.interop.powerworld_to_gridkit: Substituted GridKit Tgov1 for 417 governor model(s); PowerWorld IEEEG1 has no exact translation
2026-08-10 15:05:17,040 WARNING gridworkbench.interop.powerworld_to_gridkit: Substituted GridKit LoadZIP for 14 machine model(s); PowerWorld STATIC_GENERATOR has no exact translation
2026-08-10 15:05:19,059 INFO __main__: [11/19] Wrote C:\Users\wyattluke.lowery\Documents\GitHub\gridkit-runenv\cases\Poland2746.case.json and C:\Users\wyattluke.lowery\Documents\GitHub\gridkit-runenv\export-logs\Poland2746.translation.json; counts={'Branch': 3307, 'Genrou': 417, 'Ieeest': 417, 'Ieeet1': 417, 'LoadZIP': 2005, 'Tgov1': 417, 'buses': 2746, 'devices': 6980, 'models': 1962, 'models_exact': 957, 'models_fallback': 14, 'models_omitted': 280, 'models_substitution': 711, 'dispatch_warnings': 6}
2026-08-10 15:05:19,059 INFO __main__: [12/19] Exporting C:\Users\wyattluke.lowery\Documents\GitHub\cases\Synthetic\Texas2k\Texas2k.pwb
2026-08-10 15:05:23,980 WARNING gridworkbench.interop.powerworld_to_gridkit: Substituted GridKit Ieeet1 for 21 exciter model(s); PowerWorld ESST1A has no exact translation
2026-08-10 15:05:23,980 WARNING gridworkbench.interop.powerworld_to_gridkit: Substituted GridKit Ieeet1 for 224 exciter model(s); PowerWorld ESST4B has no exact translation
2026-08-10 15:05:23,980 WARNING gridworkbench.interop.powerworld_to_gridkit: Substituted GridKit Ieeet1 for 103 exciter model(s); PowerWorld EXST1_PTI has no exact translation
2026-08-10 15:05:23,980 WARNING gridworkbench.interop.powerworld_to_gridkit: Substituted GridKit Tgov1 for 313 governor model(s); PowerWorld GGOV1 has no exact translation
2026-08-10 15:05:23,980 WARNING gridworkbench.interop.powerworld_to_gridkit: Substituted GridKit Tgov1 for 25 governor model(s); PowerWorld IEEEG1 has no exact translation
2026-08-10 15:05:23,980 WARNING gridworkbench.interop.powerworld_to_gridkit: Substituted GridKit LoadZIP for 74 machine model(s); PowerWorld STATIC_GENERATOR has no exact translation
2026-08-10 15:05:27,212 INFO __main__: [12/19] Wrote C:\Users\wyattluke.lowery\Documents\GitHub\gridkit-runenv\cases\Texas2k.case.json and C:\Users\wyattluke.lowery\Documents\GitHub\gridkit-runenv\export-logs\Texas2k.translation.json; counts={'Branch': 5344, 'Genrou': 338, 'Gensal': 19, 'Hygov': 19, 'Ieeet1': 357, 'LoadZIP': 1256, 'Regca': 305, 'Repca': 128, 'Tgov1': 338, 'buses': 2751, 'devices': 8104, 'models': 3990, 'models_exact': 818, 'models_fallback': 74, 'models_omitted': 2412, 'models_substitution': 686, 'dispatch_warnings': 0}
2026-08-10 15:05:27,212 INFO __main__: [13/19] Exporting C:\Users\wyattluke.lowery\Documents\GitHub\cases\Synthetic\Texas7k\Texas7k.pwb
2026-08-10 15:05:32,540 WARNING gridworkbench.interop.powerworld_to_gridkit: Substituted GridKit Ieeet1 for 1 exciter model(s); PowerWorld ESAC1A has no exact translation
2026-08-10 15:05:32,540 WARNING gridworkbench.interop.powerworld_to_gridkit: Substituted GridKit Ieeet1 for 2 exciter model(s); PowerWorld ESAC6A has no exact translation
2026-08-10 15:05:32,540 WARNING gridworkbench.interop.powerworld_to_gridkit: Substituted GridKit Ieeet1 for 2 exciter model(s); PowerWorld ESDC2A has no exact translation
2026-08-10 15:05:32,541 WARNING gridworkbench.interop.powerworld_to_gridkit: Substituted GridKit Ieeet1 for 307 exciter model(s); PowerWorld ESST4B has no exact translation
2026-08-10 15:05:32,541 WARNING gridworkbench.interop.powerworld_to_gridkit: Substituted GridKit Ieeet1 for 3 exciter model(s); PowerWorld EXAC1 has no exact translation
2026-08-10 15:05:32,541 WARNING gridworkbench.interop.powerworld_to_gridkit: Substituted GridKit Ieeet1 for 42 exciter model(s); PowerWorld EXAC2 has no exact translation
2026-08-10 15:05:32,541 WARNING gridworkbench.interop.powerworld_to_gridkit: Substituted GridKit Ieeet1 for 75 exciter model(s); PowerWorld EXPIC1 has no exact translation
2026-08-10 15:05:32,541 WARNING gridworkbench.interop.powerworld_to_gridkit: Substituted GridKit Ieeet1 for 7 exciter model(s); PowerWorld SCRX has no exact translation
2026-08-10 15:05:32,541 WARNING gridworkbench.interop.powerworld_to_gridkit: Substituted GridKit Tgov1 for 421 governor model(s); PowerWorld GGOV1 has no exact translation
2026-08-10 15:05:32,541 WARNING gridworkbench.interop.powerworld_to_gridkit: Substituted GridKit Tgov1 for 23 governor model(s); PowerWorld IEEEG1 has no exact translation
2026-08-10 15:05:32,541 WARNING gridworkbench.interop.powerworld_to_gridkit: Substituted GridKit LoadZIP for 7 machine model(s); PowerWorld STATIC_GENERATOR has no exact translation
2026-08-10 15:05:36,908 INFO __main__: [13/19] Wrote C:\Users\wyattluke.lowery\Documents\GitHub\gridkit-runenv\cases\Texas7k.case.json and C:\Users\wyattluke.lowery\Documents\GitHub\gridkit-runenv\export-logs\Texas7k.translation.json; counts={'Branch': 9140, 'Esdc1a': 5, 'Genrou': 444, 'Gensal': 19, 'Hygov': 19, 'Ieeest': 203, 'Ieeet1': 458, 'LoadZIP': 4661, 'Regca': 167, 'Repca': 53, 'Tgov1': 444, 'buses': 6717, 'devices': 15613, 'models': 2671, 'models_exact': 929, 'models_fallback': 7, 'models_omitted': 852, 'models_substitution': 883, 'dispatch_warnings': 0}
2026-08-10 15:05:36,908 INFO __main__: [14/19] Exporting C:\Users\wyattluke.lowery\Documents\GitHub\cases\Synthetic\ACTIVSg10k\ACTIVSg10k.pwb
2026-08-10 15:05:44,890 WARNING gridworkbench.interop.powerworld_to_gridkit: Substituted GridKit Ieeet1 for 18 exciter model(s); PowerWorld ESAC1A has no exact translation
2026-08-10 15:05:44,890 WARNING gridworkbench.interop.powerworld_to_gridkit: Substituted GridKit Ieeet1 for 24 exciter model(s); PowerWorld ESAC6A has no exact translation
2026-08-10 15:05:44,890 WARNING gridworkbench.interop.powerworld_to_gridkit: Substituted GridKit Ieeet1 for 54 exciter model(s); PowerWorld ESDC2A has no exact translation
2026-08-10 15:05:44,890 WARNING gridworkbench.interop.powerworld_to_gridkit: Substituted GridKit Ieeet1 for 610 exciter model(s); PowerWorld ESST4B has no exact translation
2026-08-10 15:05:44,890 WARNING gridworkbench.interop.powerworld_to_gridkit: Substituted GridKit Ieeet1 for 18 exciter model(s); PowerWorld EXAC1 has no exact translation
2026-08-10 15:05:44,890 WARNING gridworkbench.interop.powerworld_to_gridkit: Substituted GridKit Ieeet1 for 88 exciter model(s); PowerWorld EXAC2 has no exact translation
2026-08-10 15:05:44,890 WARNING gridworkbench.interop.powerworld_to_gridkit: Substituted GridKit Ieeet1 for 120 exciter model(s); PowerWorld EXPIC1 has no exact translation
2026-08-10 15:05:44,890 WARNING gridworkbench.interop.powerworld_to_gridkit: Substituted GridKit Ieeet1 for 241 exciter model(s); PowerWorld SCRX has no exact translation
2026-08-10 15:05:44,890 WARNING gridworkbench.interop.powerworld_to_gridkit: Substituted GridKit Tgov1 for 791 governor model(s); PowerWorld GGOV1 has no exact translation
2026-08-10 15:05:44,890 WARNING gridworkbench.interop.powerworld_to_gridkit: Substituted GridKit Tgov1 for 135 governor model(s); PowerWorld IEEEG1 has no exact translation
2026-08-10 15:05:44,890 WARNING gridworkbench.interop.powerworld_to_gridkit: Substituted GridKit LoadZIP for 481 machine model(s); PowerWorld STATIC_GENERATOR has no exact translation
2026-08-10 15:05:50,162 INFO __main__: [14/19] Wrote C:\Users\wyattluke.lowery\Documents\GitHub\gridkit-runenv\cases\ACTIVSg10k.case.json and C:\Users\wyattluke.lowery\Documents\GitHub\gridkit-runenv\export-logs\ACTIVSg10k.translation.json; counts={'Branch': 12706, 'Esdc1a': 123, 'Genrou': 926, 'Gensal': 530, 'Hygov': 530, 'Ieeest': 1456, 'Ieeet1': 1333, 'LoadZIP': 4722, 'Tgov1': 926, 'buses': 10000, 'devices': 23252, 'models': 7885, 'models_exact': 3725, 'models_fallback': 481, 'models_omitted': 1580, 'models_substitution': 2099, 'dispatch_warnings': 0}
2026-08-10 15:05:50,162 INFO __main__: [15/19] Exporting C:\Users\wyattluke.lowery\Documents\GitHub\cases\Synthetic\Midwest24k\Midwest24k.pwb
2026-08-10 15:06:00,792 WARNING gridworkbench.interop.powerworld_to_gridkit: Substituted GridKit LoadZIP for 5646 machine model(s); PowerWorld STATIC_GENERATOR has no exact translation
2026-08-10 15:06:06,377 INFO __main__: [15/19] Wrote C:\Users\wyattluke.lowery\Documents\GitHub\gridkit-runenv\cases\Midwest24k.case.json and C:\Users\wyattluke.lowery\Documents\GitHub\gridkit-runenv\export-logs\Midwest24k.translation.json; counts={'Branch': 33739, 'LoadZIP': 16207, 'buses': 23643, 'devices': 49946, 'models': 5646, 'models_fallback': 5646, 'dispatch_warnings': 0}
2026-08-10 15:06:06,377 INFO __main__: [16/19] Exporting C:\Users\wyattluke.lowery\Documents\GitHub\cases\Synthetic\ACTIVSg25k\ACTIVSg25k.pwb
2026-08-10 15:06:21,497 WARNING gridworkbench.interop.powerworld_to_gridkit: Substituted GridKit Ieeet1 for 80 exciter model(s); PowerWorld ESAC1A has no exact translation
2026-08-10 15:06:21,498 WARNING gridworkbench.interop.powerworld_to_gridkit: Substituted GridKit Ieeet1 for 120 exciter model(s); PowerWorld ESAC6A has no exact translation
2026-08-10 15:06:21,498 WARNING gridworkbench.interop.powerworld_to_gridkit: Substituted GridKit Ieeet1 for 157 exciter model(s); PowerWorld ESDC2A has no exact translation
2026-08-10 15:06:21,498 WARNING gridworkbench.interop.powerworld_to_gridkit: Substituted GridKit Ieeet1 for 1230 exciter model(s); PowerWorld ESST4B has no exact translation
2026-08-10 15:06:21,498 WARNING gridworkbench.interop.powerworld_to_gridkit: Substituted GridKit Ieeet1 for 82 exciter model(s); PowerWorld EXAC1 has no exact translation
2026-08-10 15:06:21,498 WARNING gridworkbench.interop.powerworld_to_gridkit: Substituted GridKit Ieeet1 for 225 exciter model(s); PowerWorld EXAC2 has no exact translation
2026-08-10 15:06:21,498 WARNING gridworkbench.interop.powerworld_to_gridkit: Substituted GridKit Ieeet1 for 261 exciter model(s); PowerWorld EXPIC1 has no exact translation
2026-08-10 15:06:21,498 WARNING gridworkbench.interop.powerworld_to_gridkit: Substituted GridKit Ieeet1 for 342 exciter model(s); PowerWorld SCRX has no exact translation
2026-08-10 15:06:21,498 WARNING gridworkbench.interop.powerworld_to_gridkit: Substituted GridKit Tgov1 for 1606 governor model(s); PowerWorld GGOV1 has no exact translation
2026-08-10 15:06:21,498 WARNING gridworkbench.interop.powerworld_to_gridkit: Substituted GridKit Tgov1 for 690 governor model(s); PowerWorld IEEEG1 has no exact translation
2026-08-10 15:06:21,498 WARNING gridworkbench.interop.powerworld_to_gridkit: Substituted GridKit LoadZIP for 84 machine model(s); PowerWorld WT3G1 has no exact translation
2026-08-10 15:06:32,403 INFO __main__: [16/19] Wrote C:\Users\wyattluke.lowery\Documents\GitHub\gridkit-runenv\cases\ACTIVSg25k.case.json and C:\Users\wyattluke.lowery\Documents\GitHub\gridkit-runenv\export-logs\ACTIVSg25k.translation.json; counts={'Branch': 32229, 'Esdc1a': 94, 'Genrou': 2296, 'Gensal': 946, 'Hygov': 946, 'Ieeest': 3242, 'Ieeet1': 3148, 'LoadZIP': 8721, 'Regca': 453, 'Tgov1': 2296, 'buses': 25000, 'devices': 54371, 'models': 18192, 'models_exact': 8628, 'models_fallback': 84, 'models_omitted': 4687, 'models_substitution': 4793, 'dispatch_warnings': 6}
2026-08-10 15:06:32,404 INFO __main__: [17/19] Exporting C:\Users\wyattluke.lowery\Documents\GitHub\cases\Synthetic\ACTIVSg70k\ACTIVSg70k.pwb
2026-08-10 15:07:05,061 WARNING gridworkbench.interop.powerworld_to_gridkit: Substituted GridKit Ieeet1 for 412 exciter model(s); PowerWorld ESAC1A has no exact translation
2026-08-10 15:07:05,061 WARNING gridworkbench.interop.powerworld_to_gridkit: Substituted GridKit Ieeet1 for 446 exciter model(s); PowerWorld ESAC6A has no exact translation
2026-08-10 15:07:05,061 WARNING gridworkbench.interop.powerworld_to_gridkit: Substituted GridKit Ieeet1 for 76 exciter model(s); PowerWorld ESDC2A has no exact translation
2026-08-10 15:07:05,061 WARNING gridworkbench.interop.powerworld_to_gridkit: Substituted GridKit Ieeet1 for 2608 exciter model(s); PowerWorld ESST4B has no exact translation
2026-08-10 15:07:05,061 WARNING gridworkbench.interop.powerworld_to_gridkit: Substituted GridKit Ieeet1 for 309 exciter model(s); PowerWorld EXAC1 has no exact translation
2026-08-10 15:07:05,061 WARNING gridworkbench.interop.powerworld_to_gridkit: Substituted GridKit Ieeet1 for 411 exciter model(s); PowerWorld EXAC2 has no exact translation
2026-08-10 15:07:05,061 WARNING gridworkbench.interop.powerworld_to_gridkit: Substituted GridKit Ieeet1 for 471 exciter model(s); PowerWorld EXPIC1 has no exact translation
2026-08-10 15:07:05,061 WARNING gridworkbench.interop.powerworld_to_gridkit: Substituted GridKit Ieeet1 for 813 exciter model(s); PowerWorld SCRX has no exact translation
2026-08-10 15:07:05,061 WARNING gridworkbench.interop.powerworld_to_gridkit: Substituted GridKit Tgov1 for 2893 governor model(s); PowerWorld GGOV1 has no exact translation
2026-08-10 15:07:05,061 WARNING gridworkbench.interop.powerworld_to_gridkit: Substituted GridKit Tgov1 for 2624 governor model(s); PowerWorld IEEEG1 has no exact translation
2026-08-10 15:07:05,067 WARNING gridworkbench.interop.powerworld_to_gridkit: Substituted GridKit LoadZIP for 427 machine model(s); PowerWorld WT3G1 has no exact translation
2026-08-10 15:07:26,170 INFO __main__: [17/19] Wrote C:\Users\wyattluke.lowery\Documents\GitHub\gridkit-runenv\cases\ACTIVSg70k.case.json and C:\Users\wyattluke.lowery\Documents\GitHub\gridkit-runenv\export-logs\ACTIVSg70k.translation.json; counts={'Branch': 88207, 'Esdc1a': 313, 'Genrou': 5517, 'Gensal': 1741, 'Hygov': 1741, 'Ieeest': 7258, 'Ieeet1': 6945, 'LoadZIP': 34830, 'Regca': 421, 'Tgov1': 5517, 'buses': 70000, 'devices': 152490, 'models': 40845, 'models_exact': 18390, 'models_fallback': 427, 'models_omitted': 10965, 'models_substitution': 11063, 'dispatch_warnings': 0}
2026-08-10 15:07:26,170 INFO __main__: [18/19] Exporting C:\Users\wyattluke.lowery\Documents\GitHub\cases\Synthetic\EastWest\EastWest.pwb
2026-08-10 15:08:12,314 WARNING gridworkbench.interop.powerworld_to_gridkit: Substituted GridKit Ieeet1 for 430 exciter model(s); PowerWorld ESAC1A has no exact translation
2026-08-10 15:08:12,315 WARNING gridworkbench.interop.powerworld_to_gridkit: Substituted GridKit Ieeet1 for 470 exciter model(s); PowerWorld ESAC6A has no exact translation
2026-08-10 15:08:12,315 WARNING gridworkbench.interop.powerworld_to_gridkit: Substituted GridKit Ieeet1 for 130 exciter model(s); PowerWorld ESDC2A has no exact translation
2026-08-10 15:08:12,315 WARNING gridworkbench.interop.powerworld_to_gridkit: Substituted GridKit Ieeet1 for 3215 exciter model(s); PowerWorld ESST4B has no exact translation
2026-08-10 15:08:12,315 WARNING gridworkbench.interop.powerworld_to_gridkit: Substituted GridKit Ieeet1 for 327 exciter model(s); PowerWorld EXAC1 has no exact translation
2026-08-10 15:08:12,315 WARNING gridworkbench.interop.powerworld_to_gridkit: Substituted GridKit Ieeet1 for 497 exciter model(s); PowerWorld EXAC2 has no exact translation
2026-08-10 15:08:12,315 WARNING gridworkbench.interop.powerworld_to_gridkit: Substituted GridKit Ieeet1 for 591 exciter model(s); PowerWorld EXPIC1 has no exact translation
2026-08-10 15:08:12,315 WARNING gridworkbench.interop.powerworld_to_gridkit: Substituted GridKit Ieeet1 for 1054 exciter model(s); PowerWorld SCRX has no exact translation
2026-08-10 15:08:12,315 WARNING gridworkbench.interop.powerworld_to_gridkit: Substituted GridKit Tgov1 for 3679 governor model(s); PowerWorld GGOV1 has no exact translation
2026-08-10 15:08:12,315 WARNING gridworkbench.interop.powerworld_to_gridkit: Substituted GridKit Tgov1 for 2759 governor model(s); PowerWorld IEEEG1 has no exact translation
2026-08-10 15:08:12,315 WARNING gridworkbench.interop.powerworld_to_gridkit: Substituted GridKit LoadZIP for 481 machine model(s); PowerWorld STATIC_GENERATOR has no exact translation
2026-08-10 15:08:12,315 WARNING gridworkbench.interop.powerworld_to_gridkit: Substituted GridKit LoadZIP for 427 machine model(s); PowerWorld WT3G1 has no exact translation
2026-08-10 15:08:35,425 INFO __main__: [18/19] Wrote C:\Users\wyattluke.lowery\Documents\GitHub\gridkit-runenv\cases\EastWest.case.json and C:\Users\wyattluke.lowery\Documents\GitHub\gridkit-runenv\export-logs\EastWest.translation.json; counts={'Branch': 100920, 'Esdc1a': 436, 'Genrou': 6438, 'Gensal': 2271, 'Hygov': 2271, 'Ieeest': 8709, 'Ieeet1': 8273, 'LoadZIP': 39551, 'Regca': 421, 'Tgov1': 6438, 'buses': 79998, 'devices': 175728, 'models': 48722, 'models_exact': 22105, 'models_fallback': 908, 'models_omitted': 12557, 'models_substitution': 13152, 'dispatch_warnings': 1}
2026-08-10 15:08:35,425 INFO __main__: [19/19] Exporting C:\Users\wyattluke.lowery\Documents\GitHub\cases\Synthetic\USA\USA.pwb
2026-08-10 15:09:03,778 WARNING gridworkbench.interop.powerworld_to_gridkit: Substituted GridKit LoadZIP for 10475 machine model(s); PowerWorld STATIC_GENERATOR has no exact translation
2026-08-10 15:09:16,326 INFO __main__: [19/19] Wrote C:\Users\wyattluke.lowery\Documents\GitHub\gridkit-runenv\cases\USA.case.json and C:\Users\wyattluke.lowery\Documents\GitHub\gridkit-runenv\export-logs\USA.translation.json; counts={'Branch': 104121, 'LoadZIP': 47662, 'buses': 82000, 'devices': 151783, 'models': 10475, 'models_fallback': 10475, 'dispatch_warnings': 0}
2026-08-10 15:09:16,326 INFO __main__: Finished exporting 19 cases
